handle_block received None, parent type: SizeVarContext
Parent text: [?]
Stack:
  File "C:\Users\widzy\AppData\Local\Programs\Python\Python314\Lib\multiprocessing\spawn.py", line 135, in _main
    return self._bootstrap(parent_sentinel)

  File "C:\Users\widzy\AppData\Local\Programs\Python\Python314\Lib\multiprocessing\process.py", line 320, in _bootstrap
    self.run()

  File "C:\Users\widzy\AppData\Local\Programs\Python\Python314\Lib\multiprocessing\process.py", line 108, in run
    self._target(*self._args, **self._kwargs)

  File "C:\Users\widzy\Desktop\Kompilatory git\Kompilatory 3\Kompilatory\int\place.py", line 404, in process_target
    self.handle_block(member, None)

  File "C:\Users\widzy\Desktop\Kompilatory git\Kompilatory 3\Kompilatory\int\place.py", line 344, in handle_block
    return HANDLERS[type](*handle_args)

  File "C:\Users\widzy\Desktop\Kompilatory git\Kompilatory 3\Kompilatory\int\context\statement.py", line 54, in handle_statement
    self.handle_block(first, parent=block)

  File "C:\Users\widzy\Desktop\Kompilatory git\Kompilatory 3\Kompilatory\int\place.py", line 344, in handle_block
    return HANDLERS[type](*handle_args)

  File "C:\Users\widzy\Desktop\Kompilatory git\Kompilatory 3\Kompilatory\int\context\network.py", line 366, in handle_receive_declaration
    dimensions.append(_evaluate_size(self, size_var))

  File "C:\Users\widzy\Desktop\Kompilatory git\Kompilatory 3\Kompilatory\int\context\network.py", line 94, in _evaluate_size
    expr = self.handle_block(size_block.expr(), size_block)

  File "C:\Users\widzy\Desktop\Kompilatory git\Kompilatory 3\Kompilatory\int\place.py", line 327, in handle_block
    *traceback.format_stack(limit=10)

---
handle_block received None, parent type: SizeVarContext
Parent text: [?]
Stack:
  File "C:\Users\widzy\Desktop\Kompilatory git\Kompilatory 3\Kompilatory\int\context\statement.py", line 54, in handle_statement
    self.handle_block(first, parent=block)

  File "C:\Users\widzy\Desktop\Kompilatory git\Kompilatory 3\Kompilatory\int\place.py", line 344, in handle_block
    return HANDLERS[type](*handle_args)

  File "C:\Users\widzy\Desktop\Kompilatory git\Kompilatory 3\Kompilatory\int\context\control\while_loop.py", line 41, in handle_while
    self.execute_block(block.block(), block)

  File "C:\Users\widzy\Desktop\Kompilatory git\Kompilatory 3\Kompilatory\int\place.py", line 187, in execute_block
    self.handle_block(child, parent=block)

  File "C:\Users\widzy\Desktop\Kompilatory git\Kompilatory 3\Kompilatory\int\place.py", line 344, in handle_block
    return HANDLERS[type](*handle_args)

  File "C:\Users\widzy\Desktop\Kompilatory git\Kompilatory 3\Kompilatory\int\context\statement.py", line 54, in handle_statement
    self.handle_block(first, parent=block)

  File "C:\Users\widzy\Desktop\Kompilatory git\Kompilatory 3\Kompilatory\int\place.py", line 344, in handle_block
    return HANDLERS[type](*handle_args)

  File "C:\Users\widzy\Desktop\Kompilatory git\Kompilatory 3\Kompilatory\int\context\network.py", line 366, in handle_receive_declaration
    dimensions.append(_evaluate_size(self, size_var))

  File "C:\Users\widzy\Desktop\Kompilatory git\Kompilatory 3\Kompilatory\int\context\network.py", line 94, in _evaluate_size
    expr = self.handle_block(size_block.expr(), size_block)

  File "C:\Users\widzy\Desktop\Kompilatory git\Kompilatory 3\Kompilatory\int\place.py", line 327, in handle_block
    *traceback.format_stack(limit=10)

---
handle_block received None, parent type: SizeVarContext
Parent text: [?]
Stack:
  File "C:\Users\widzy\AppData\Local\Programs\Python\Python314\Lib\multiprocessing\spawn.py", line 135, in _main
    return self._bootstrap(parent_sentinel)

  File "C:\Users\widzy\AppData\Local\Programs\Python\Python314\Lib\multiprocessing\process.py", line 320, in _bootstrap
    self.run()

  File "C:\Users\widzy\AppData\Local\Programs\Python\Python314\Lib\multiprocessing\process.py", line 108, in run
    self._target(*self._args, **self._kwargs)

  File "C:\Users\widzy\Desktop\Kompilatory git\Kompilatory 3\Kompilatory\int\place.py", line 404, in process_target
    self.handle_block(member, None)

  File "C:\Users\widzy\Desktop\Kompilatory git\Kompilatory 3\Kompilatory\int\place.py", line 344, in handle_block
    return HANDLERS[type](*handle_args)

  File "C:\Users\widzy\Desktop\Kompilatory git\Kompilatory 3\Kompilatory\int\context\statement.py", line 54, in handle_statement
    self.handle_block(first, parent=block)

  File "C:\Users\widzy\Desktop\Kompilatory git\Kompilatory 3\Kompilatory\int\place.py", line 344, in handle_block
    return HANDLERS[type](*handle_args)

  File "C:\Users\widzy\Desktop\Kompilatory git\Kompilatory 3\Kompilatory\int\context\network.py", line 366, in handle_receive_declaration
    dimensions.append(_evaluate_size(self, size_var))

  File "C:\Users\widzy\Desktop\Kompilatory git\Kompilatory 3\Kompilatory\int\context\network.py", line 94, in _evaluate_size
    expr = self.handle_block(size_block.expr(), size_block)

  File "C:\Users\widzy\Desktop\Kompilatory git\Kompilatory 3\Kompilatory\int\place.py", line 327, in handle_block
    *traceback.format_stack(limit=10)

---
