     >----- Interpreter starting -----<     
[INIT ](W) Running in TEST MODE!
[--- TEST ---](D) SYS_ARGV=['C:\\Users\\widzy\\Desktop\\Kompilatory git\\Kompilatory 3\\Kompilatory\\int\\run.py', 'tests\\math\\sub\\sub.ql', 'TEST_MODE']
[--- TEST ---](D) INPUT_TEXT=
// int - int = int
println(5 - 3); // 2

// float - int = float
println(2.5 - 2); // 0.5

// int - float = float
println(3 - 2.5); // 0.5

// float - float = float
println(1.2 - 0.7); // 0.5

// bool - bool
println(T - T); // F
println(T - F); // T
println(F - T); // T
println(F - F); // F

// bool - int
println(T - 5); // -4
println(F - 5); // -5

// int - bool
println(5 - T); // 4
println(5 - F); // 5

// bool - float
println(T - 5.5); // -4.5
println(F - 5.5); // -5.5

// float - bool
println(5.5 - T); // 4.5
println(5.5 - F); // 5.5


// expected output: 2\n0.5\n0.5\n0.5\nF\nT\nT\nF\n-4\n-5\n4\n5\n-4.5\n-5.5\n4.5\n5.5\n

Parsing started
[--- TEST ---](D) SYNTAX_ERRORS=0
No errors found
[Q NET](S) Network is up
[PLACE](I) Dividing into places...OK
[PLACE](D) Got places: global
[--- TEST ---](D) PLACE_NAME=global
[--- TEST ---](D) PLACE_CODE=['println(5 - 3);', 'println(2.5 - 2);', 'println(3 - 2.5);', 'println(1.2 - 0.7);', 'println(T - T);', 'println(T - F);', 'println(F - T);', 'println(F - F);', 'println(T - 5);', 'println(F - 5);', 'println(5 - T);', 'println(5 - F);', 'println(T - 5.5);', 'println(F - 5.5);', 'println(5.5 - T);', 'println(5.5 - F);']
[--- TEST ---](D) PLACE_END
[PLACE](I) Place global started
[PLACE](S) All places running
[--- TEST ---](D) ALL_PLACES_STARTED
[37m[49m[22m[[37m[49m[22mINOUT[37m[49m[22m]([37m[49m[22mD[37m[49m[22m) Log file for Place: global console created at logs\Place global.log[0m
<class 'int.QLang.QLangParser.QLangParser.StatementContext'>
<class 'int.QLang.QLangParser.QLangParser.IoStmtContext'>
<class 'int.QLang.QLangParser.QLangParser.AddSubExprContext'>
<class 'int.QLang.QLangParser.QLangParser.IntNumExprContext'>
<class 'int.QLang.QLangParser.QLangParser.IntNumExprContext'>
<class 'int.QLang.QLangParser.QLangParser.StatementContext'>
<class 'int.QLang.QLangParser.QLangParser.IoStmtContext'>
<class 'int.QLang.QLangParser.QLangParser.AddSubExprContext'>
<class 'int.QLang.QLangParser.QLangParser.NumExprContext'>
<class 'int.QLang.QLangParser.QLangParser.IntNumExprContext'>
<class 'int.QLang.QLangParser.QLangParser.StatementContext'>
<class 'int.QLang.QLangParser.QLangParser.IoStmtContext'>
<class 'int.QLang.QLangParser.QLangParser.AddSubExprContext'>
<class 'int.QLang.QLangParser.QLangParser.IntNumExprContext'>
<class 'int.QLang.QLangParser.QLangParser.NumExprContext'>
<class 'int.QLang.QLangParser.QLangParser.StatementContext'>
<class 'int.QLang.QLangParser.QLangParser.IoStmtContext'>
<class 'int.QLang.QLangParser.QLangParser.AddSubExprContext'>
<class 'int.QLang.QLangParser.QLangParser.NumExprContext'>
<class 'int.QLang.QLangParser.QLangParser.NumExprContext'>
<class 'int.QLang.QLangParser.QLangParser.StatementContext'>
<class 'int.QLang.QLangParser.QLangParser.IoStmtContext'>
<class 'int.QLang.QLangParser.QLangParser.AddSubExprContext'>
<class 'int.QLang.QLangParser.QLangParser.BoolExprContext'>
<class 'int.QLang.QLangParser.QLangParser.BoolExprContext'>
<class 'int.QLang.QLangParser.QLangParser.StatementContext'>
<class 'int.QLang.QLangParser.QLangParser.IoStmtContext'>
<class 'int.QLang.QLangParser.QLangParser.AddSubExprContext'>
<class 'int.QLang.QLangParser.QLangParser.BoolExprContext'>
<class 'int.QLang.QLangParser.QLangParser.BoolExprContext'>
<class 'int.QLang.QLangParser.QLangParser.StatementContext'>
<class 'int.QLang.QLangParser.QLangParser.IoStmtContext'>
<class 'int.QLang.QLangParser.QLangParser.AddSubExprContext'>
<class 'int.QLang.QLangParser.QLangParser.BoolExprContext'>
<class 'int.QLang.QLangParser.QLangParser.BoolExprContext'>
<class 'int.QLang.QLangParser.QLangParser.StatementContext'>
<class 'int.QLang.QLangParser.QLangParser.IoStmtContext'>
<class 'int.QLang.QLangParser.QLangParser.AddSubExprContext'>
<class 'int.QLang.QLangParser.QLangParser.BoolExprContext'>
<class 'int.QLang.QLangParser.QLangParser.BoolExprContext'>
<class 'int.QLang.QLangParser.QLangParser.StatementContext'>
<class 'int.QLang.QLangParser.QLangParser.IoStmtContext'>
<class 'int.QLang.QLangParser.QLangParser.AddSubExprContext'>
<class 'int.QLang.QLangParser.QLangParser.BoolExprContext'>
<class 'int.QLang.QLangParser.QLangParser.IntNumExprContext'>
<class 'int.QLang.QLangParser.QLangParser.StatementContext'>
<class 'int.QLang.QLangParser.QLangParser.IoStmtContext'>
<class 'int.QLang.QLangParser.QLangParser.AddSubExprContext'>
<class 'int.QLang.QLangParser.QLangParser.BoolExprContext'>
<class 'int.QLang.QLangParser.QLangParser.IntNumExprContext'>
<class 'int.QLang.QLangParser.QLangParser.StatementContext'>
<class 'int.QLang.QLangParser.QLangParser.IoStmtContext'>
<class 'int.QLang.QLangParser.QLangParser.AddSubExprContext'>
<class 'int.QLang.QLangParser.QLangParser.IntNumExprContext'>
<class 'int.QLang.QLangParser.QLangParser.BoolExprContext'>
<class 'int.QLang.QLangParser.QLangParser.StatementContext'>
<class 'int.QLang.QLangParser.QLangParser.IoStmtContext'>
<class 'int.QLang.QLangParser.QLangParser.AddSubExprContext'>
<class 'int.QLang.QLangParser.QLangParser.IntNumExprContext'>
<class 'int.QLang.QLangParser.QLangParser.BoolExprContext'>
<class 'int.QLang.QLangParser.QLangParser.StatementContext'>
<class 'int.QLang.QLangParser.QLangParser.IoStmtContext'>
<class 'int.QLang.QLangParser.QLangParser.AddSubExprContext'>
<class 'int.QLang.QLangParser.QLangParser.BoolExprContext'>
<class 'int.QLang.QLangParser.QLangParser.NumExprContext'>
<class 'int.QLang.QLangParser.QLangParser.StatementContext'>
<class 'int.QLang.QLangParser.QLangParser.IoStmtContext'>
<class 'int.QLang.QLangParser.QLangParser.AddSubExprContext'>
<class 'int.QLang.QLangParser.QLangParser.BoolExprContext'>
<class 'int.QLang.QLangParser.QLangParser.NumExprContext'>
<class 'int.QLang.QLangParser.QLangParser.StatementContext'>
<class 'int.QLang.QLangParser.QLangParser.IoStmtContext'>
<class 'int.QLang.QLangParser.QLangParser.AddSubExprContext'>
<class 'int.QLang.QLangParser.QLangParser.NumExprContext'>
<class 'int.QLang.QLangParser.QLangParser.BoolExprContext'>
<class 'int.QLang.QLangParser.QLangParser.StatementContext'>
<class 'int.QLang.QLangParser.QLangParser.IoStmtContext'>
<class 'int.QLang.QLangParser.QLangParser.AddSubExprContext'>
<class 'int.QLang.QLangParser.QLangParser.NumExprContext'>
<class 'int.QLang.QLangParser.QLangParser.BoolExprContext'>
[PLACE](I) Place global stopped
[PLACE](I) All places stopped
[--- TEST ---](D) ALL_PLACES_FINISHED
